// Jest Snapshot v1, https://goo.gl/fbAQLP

exports[`Main should render correctly if data is loaded 1`] = `
Array [
  <div
    className="header"
  >
    <div
      className="leftHeader"
    >
      <div
        className="title"
      >
        <div
          className="name"
        >
          name
        </div>
        <div
          className="halfStarIcon"
        />
      </div>
      <div
        className="info"
      >
        <div
          className="location"
          onClick={[Function]}
        >
          <div
            className="markIcon"
          />
        </div>
        <div>
          <div
            className="phoneIcon"
          />
          phoneNumber
        </div>
        <div>
          <div
            className="likeIcon"
          />
          Best Price Guarantee
        </div>
      </div>
    </div>
    <div
      className="rightHeader"
    >
      <div
        className="price"
      >
        $price
      </div>
      <div
        className="priceText"
      >
        HOTEL ROOMS FROM
      </div>
    </div>
  </div>,
  <div
    className="tabs"
    data-tabs={true}
    onClick={[Function]}
    onKeyDown={[Function]}
  >
    <ul
      className="tabList"
      role="tablist"
    >
      <li
        aria-controls="react-tabs-1"
        aria-disabled="false"
        aria-selected="true"
        className="tab tabSelected"
        id="react-tabs-0"
        role="tab"
        tabIndex="0"
      >
        DESCRIPTION
      </li>
      <li
        aria-controls="react-tabs-3"
        aria-disabled="false"
        aria-selected="false"
        className="tab"
        id="react-tabs-2"
        role="tab"
        tabIndex={null}
      >
        DETAILS
      </li>
      <li
        aria-controls="react-tabs-5"
        aria-disabled="false"
        aria-selected="false"
        className="tab"
        id="react-tabs-4"
        role="tab"
        tabIndex={null}
      >
        LOCATION
      </li>
    </ul>
    <div
      aria-labelledby="react-tabs-0"
      className="tabPanel react-tabs__tab-panel--selected"
      id="react-tabs-1"
      role="tabpanel"
    >
      <div
        className="collapsed"
      >
        description
        <br />
      </div>
      <div
        className="expandText"
        onClick={[Function]}
      >
        SHOW FULL DESCRIPTION
        <div
          className="downIcon"
        />
      </div>
    </div>
    <div
      aria-labelledby="react-tabs-2"
      className="tabPanel"
      id="react-tabs-3"
      role="tabpanel"
    />
    <div
      aria-labelledby="react-tabs-4"
      className="tabPanel"
      id="react-tabs-5"
      role="tabpanel"
    />
  </div>,
]
`;
